// Vitest Snapshot v1, https://vitest.dev/guide/snapshot.html

exports[`SlashToken (Phase 08.1 — D-02 / D-04 / D-05 / D-06) > visual snapshot of the standard token 1`] = `"<span data-testid="slash-token" data-slash-token="" contenteditable="false" class="inline-flex items-center gap-1 align-middle rounded-full px-1.5 py-0.5 bg-[var(--color-bg-active)] border border-[var(--color-border)] text-[11px] font-medium text-[var(--color-text-primary)] select-none whitespace-nowrap mx-0.5 pointer-events-auto"><svg data-testid="sparkles" class="w-3 h-3 text-[var(--color-text-secondary)]" aria-hidden="true"></svg><span>Gsd-Fast</span></span>"`;
