// Vitest Snapshot v1, https://vitest.dev/guide/snapshot.html

exports[`SlashToken (Phase 08.1 — D-02 / D-04 / D-05 / D-06) > visual snapshot of the standard token 1`] = `"<span data-testid="slash-token" data-slash-token="" contenteditable="false" class="inline-flex items-center gap-1 align-middle rounded-full px-2.5 py-0.5 bg-gradient-to-r from-[var(--color-accent)]/12 to-[var(--color-accent)]/6 border border-[var(--color-accent)]/20 font-semibold text-[var(--color-accent)] text-xs select-none whitespace-nowrap pointer-events-auto shadow-sm shadow-[var(--color-accent)]/5"><svg data-testid="sparkles" class="w-3 h-3 text-[var(--color-accent)]" aria-hidden="true"></svg><span class="tracking-wide">Gsd-Fast</span></span>"`;
