// Vitest Snapshot v1, https://vitest.dev/guide/snapshot.html

exports[`AtToken (Phase 08.3 — A-02 / C-01 / C-04 / C-06 / F-02) > visual snapshot of the standard file token 1`] = `"<span data-testid="at-token" data-at-token="" data-at-token-kind="file" contenteditable="false" class="inline-flex items-center gap-1 align-middle rounded-full px-2.5 py-0.5 bg-gradient-to-r from-[var(--color-accent)]/12 to-[var(--color-accent)]/6 border border-[var(--color-accent)]/20 font-semibold text-[var(--color-accent)] text-xs select-none whitespace-nowrap pointer-events-auto shadow-sm shadow-[var(--color-accent)]/5"><svg data-testid="file" class="w-3 h-3 text-[var(--color-accent)]" aria-hidden="true"></svg><span class="tracking-wide font-mono">src/components/Button.tsx</span></span>"`;
